This is to test fucntion say_my_name

import function
>>> say_my_name = __import__('3-say_my_name').say_my_name

test with 2 strings arguments
>>> say_my_name('Walter', 'White')
My name is Walter White

test with 1 string
>>> say_my_name('Batman')
My name is Batman

test with int for first_name
>>> say_my_name(3, 'luck') #doctest +ELLIPSIS
Traceback (most recent call last):
      ...
TypeError: first_name must be a string

test with int for last_name
>>> say_my_name('bloody mary', 3) #doctest +ELLIPSIS
Traceback (most recent call last):
      ...
TypeError: last_name must be a string
